============================= test session starts ==============================
platform linux -- Python 3.8.10, pytest-8.3.5, pluggy-1.5.0 -- /home/x/shiran/VectorCGRA/cgra_env/bin/python3
cachedir: .pytest_cache
hypothesis profile 'default' -> database=DirectoryBasedExampleDatabase(PosixPath('/home/x/shiran/.hypothesis/examples'))
rootdir: /home/x/shiran/VectorCGRA
configfile: pytest.ini
plugins: hypothesis-6.113.0, pymtl3-3.1.13
collecting ... A = [[1, 1, 1, 1, 1, 1, 1, 1], [2, 3, 4, 5, 6, 7, 8, 9], [3, 5, 7, 9, 11, 13, 15, 17], [4, 7, 10, 13, 16, 2, 5, 8], [5, 9, 13, 17, 4, 8, 12, 16], [6, 11, 16, 4, 9, 14, 2, 7], [7, 13, 2, 8, 14, 3, 9, 15], [8, 15, 5, 12, 2, 9, 16, 6]]
p = [1, 4, 7, 10, 13, 3, 6, 9]
r = [1, 3, 5, 7, 9, 11, 2, 4]
expected_s = [207, 372, 435, 413, 357, 369, 347, 444]
expected_q = [53, 320, 587, 548, 594, 436, 533, 426]
tile_to_port = {0: 0, 1: 1, 2: 2, 3: 3, 4: 4, 8: 5, 12: 6}
tile_mem_offset = {0: 0, 1: 256, 2: 512, 3: 768, 4: 1024, 8: 1280, 12: 1536}
collected 1 item

VectorCGRA/cgra/test/CgraRTL_bicg4x4_test_from_yaml.py::test_homogeneous_4x4_bicg_combinational_mem_access FAILED

!!!!!!!!!!!!!!!!!!!!!!!!!! stopping after 1 failures !!!!!!!!!!!!!!!!!!!!!!!!!!!
============================== 1 failed in 0.19s ===============================
