[cyc=   0] t2*a0:0x00t0e0r0f0q0c000p0 | t3*a0:0x00t0e0r0f0q0c000p0 | t5*a0:0x00t0e0r0f0q0c000p0 | t6*a0:0x00t0e0r0f0q0c000p0 | t7*a0:0x00t0e0r0f0q0c000p0 | t9*a0:0x00t0e0r0f0q0c000p0 | t10*a0:0x00t0e0r0f0q0c000p0 | t11*a0:0x00t0e0r0f0q0c000p0
[cyc=   1] t2 a0:0x00t0e0r0f0q0c000p0 | t3 a0:0x00t0e0r0f0q0c000p0 | t5 a0:0x00t0e0r0f0q0c000p0 | t6 a0:0x00t0e0r0f0q0c000p0 | t7 a0:0x00t0e0r0f0q0c000p0 | t9 a0:0x00t0e0r0f0q0c000p0 | t10 a0:0x00t0e0r0f0q0c000p0 | t11 a0:0x00t0e0r0f0q0c000p0
[cyc=   2] t2 a0:0x00t0e0r0f0q0c000p0 | t3 a0:0x00t0e0r0f0q0c000p0 | t5 a0:0x00t0e0r0f0q0c000p0 | t6 a0:0x00t0e0r0f0q0c000p0 | t7 a0:0x00t0e0r0f0q0c000p0 | t9 a0:0x00t0e0r0f0q0c000p0 | t10 a0:0x00t0e0r0f0q0c000p0 | t11 a0:0x00t0e0r0f0q0c000p0
[cyc=   3] t2 a0:0x00t0e0r0f0q0c000p0 | t3 a0:0x00t0e0r0f0q0c000p0 | t5 a0:0x00t0e0r0f0q0c000p0 | t6 a0:0x00t0e0r0f0q0c000p0 | t7 a0:0x00t0e0r0f0q0c000p0 | t9 a0:0x00t0e0r0f0q0c000p0 | t10 a0:0x00t0e0r0f0q0c000p0 | t11 a0:0x00t0e0r0f0q0c000p0
[cyc=   4] t2 a0:0x00t0e0r0f0q0c000p0 | t3 a0:0x00t0e0r0f0q0c000p0 | t5 a0:0x00t0e0r0f0q0c000p0 | t6 a0:0x00t0e0r0f0q0c000p0 | t7 a0:0x00t0e0r0f0q0c000p0 | t9 a0:0x00t0e0r0f0q0c000p0 | t10 a0:0x00t0e0r0f0q0c000p0 | t11 a0:0x00t0e0r0f0q0c000p0
[cyc=  37] t2*a1:0x10t1e0r0f0q0c000p2 | t3 a0:0x00t0e0r0f0q0c000p0 | t5 a0:0x00t0e0r0f0q0c000p0 | t6 a0:0x00t0e0r0f0q0c000p0 | t7 a0:0x00t0e0r0f0q0c000p0 | t9 a0:0x00t0e0r0f0q0c000p0 | t10 a0:0x00t0e0r0f0q0c000p0 | t11 a0:0x00t0e0r0f0q0c000p0
[cyc=  38] t2*a2:0x23t2e0r0f0q0c000p2 | t3 a0:0x00t0e0r0f0q0c000p0 | t5 a0:0x00t0e0r0f0q0c000p0 | t6 a0:0x00t0e0r0f0q0c000p0 | t7 a0:0x00t0e0r0f0q0c000p0 | t9 a0:0x00t0e0r0f0q0c000p0 | t10 a0:0x00t0e0r0f0q0c000p0 | t11 a0:0x00t0e0r0f0q0c000p0
[cyc=  39] t2*a3:0x01t3e0r0f0q0c000p0 | t3 a0:0x00t0e0r0f0q0c000p0 | t5 a0:0x00t0e0r0f0q0c000p0 | t6 a0:0x00t0e0r0f0q0c000p0 | t7 a0:0x00t0e0r0f0q0c000p0 | t9 a0:0x00t0e0r0f0q0c000p0 | t10 a0:0x00t0e0r0f0q0c000p0 | t11 a0:0x00t0e0r0f0q0c000p0
[cyc=  40] t2*a4:0x01t4e0r0f0q0c000p1 | t3 a0:0x00t0e0r0f0q0c000p0 | t5 a0:0x00t0e0r0f0q0c000p0 | t6 a0:0x00t0e0r0f0q0c000p0 | t7 a0:0x00t0e0r0f0q0c000p0 | t9 a0:0x00t0e0r0f0q0c000p0 | t10 a0:0x00t0e0r0f0q0c000p0 | t11 a0:0x00t0e0r0f0q0c000p0
[cyc=  41] t2*a0:0x01t5e0r0f0q0c000p0 | t3 a0:0x00t0e0r0f0q0c000p0 | t5 a0:0x00t0e0r0f0q0c000p0 | t6 a0:0x00t0e0r0f0q0c000p0 | t7 a0:0x00t0e0r0f0q0c000p0 | t9 a0:0x00t0e0r0f0q0c000p0 | t10 a0:0x00t0e0r0f0q0c000p0 | t11 a0:0x00t0e0r0f0q0c000p0
[cyc=  42] t2*a1:0x10t6e0r0f0q0c000p1 | t3 a0:0x00t0e0r0f0q0c000p0 | t5 a0:0x00t0e0r0f0q0c000p0 | t6 a0:0x00t0e0r0f0q0c000p0 | t7 a0:0x00t0e0r0f0q0c000p0 | t9 a0:0x00t0e0r0f0q0c000p0 | t10 a0:0x00t0e0r0f0q0c000p0 | t11 a0:0x00t0e0r0f0q0c000p0
[cyc=  43] t2*a2:0x23t7e0r0f0q0c000p1 | t3 a0:0x00t0e0r0f0q0c000p0 | t5 a0:0x00t0e0r0f0q0c000p0 | t6 a0:0x00t0e0r0f0q0c000p0 | t7 a0:0x00t0e0r0f0q0c000p0 | t9 a0:0x00t0e0r0f0q0c000p0 | t10 a0:0x00t0e0r0f0q0c000p0 | t11 a0:0x00t0e0r0f0q0c000p0
[cyc=  54] t2 a2:0x23t7e1r0f1q0c000p1 | t3*a1:0x0ct1e0r0f0q0c000p1 | t5 a0:0x00t0e0r0f0q0c000p0 | t6 a0:0x00t0e0r0f0q0c000p0 | t7 a0:0x00t0e0r0f0q0c000p0 | t9 a0:0x00t0e0r0f0q0c000p0 | t10 a0:0x00t0e0r0f0q0c000p0 | t11 a0:0x00t0e0r0f0q0c000p0
[cyc=  55] t2 a2:0x23t7e1r0f1q0c000p1 | t3*a2:0x0ct2e0r0f0q0c000p1 | t5 a0:0x00t0e0r0f0q0c000p0 | t6 a0:0x00t0e0r0f0q0c000p0 | t7 a0:0x00t0e0r0f0q0c000p0 | t9 a0:0x00t0e0r0f0q0c000p0 | t10 a0:0x00t0e0r0f0q0c000p0 | t11 a0:0x00t0e0r0f0q0c000p0
[cyc=  56] t2 a2:0x23t7e1r0f1q0c000p1 | t3*a3:0x07t3e0r0f0q0c000p1 | t5 a0:0x00t0e0r0f0q0c000p0 | t6 a0:0x00t0e0r0f0q0c000p0 | t7 a0:0x00t0e0r0f0q0c000p0 | t9 a0:0x00t0e0r0f0q0c000p0 | t10 a0:0x00t0e0r0f0q0c000p0 | t11 a0:0x00t0e0r0f0q0c000p0
[cyc=  57] t2 a2:0x23t7e1r0f1q0c000p1 | t3*a4:0x01t4e0r0f0q0c000p0 | t5 a0:0x00t0e0r0f0q0c000p0 | t6 a0:0x00t0e0r0f0q0c000p0 | t7 a0:0x00t0e0r0f0q0c000p0 | t9 a0:0x00t0e0r0f0q0c000p0 | t10 a0:0x00t0e0r0f0q0c000p0 | t11 a0:0x00t0e0r0f0q0c000p0
[cyc=  58] t2 a2:0x23t7e1r0f1q0c000p1 | t3*a0:0x01t5e0r0f0q0c000p0 | t5 a0:0x00t0e0r0f0q0c000p0 | t6 a0:0x00t0e0r0f0q0c000p0 | t7 a0:0x00t0e0r0f0q0c000p0 | t9 a0:0x00t0e0r0f0q0c000p0 | t10 a0:0x00t0e0r0f0q0c000p0 | t11 a0:0x00t0e0r0f0q0c000p0
[cyc=  59] t2 a2:0x23t7e1r0f1q0c000p1 | t3*a1:0x0ct6e0r0f0q0c000p0 | t5 a0:0x00t0e0r0f0q0c000p0 | t6 a0:0x00t0e0r0f0q0c000p0 | t7 a0:0x00t0e0r0f0q0c000p0 | t9 a0:0x00t0e0r0f0q0c000p0 | t10 a0:0x00t0e0r0f0q0c000p0 | t11 a0:0x00t0e0r0f0q0c000p0
[cyc=  68] t2 a2:0x23t7e1r0f1q0c000p1 | t3 a1:0x0ct6e0r0f0q0c000p0 | t5*a1:0x10t1e0r0f0q0c000p2 | t6 a0:0x00t0e0r0f0q0c000p0 | t7 a0:0x00t0e0r0f0q0c000p0 | t9 a0:0x00t0e0r0f0q0c000p0 | t10 a0:0x00t0e0r0f0q0c000p0 | t11 a0:0x00t0e0r0f0q0c000p0
[cyc=  69] t2 a2:0x23t7e1r0f1q0c000p1 | t3 a1:0x0ct6e0r0f0q0c000p0 | t5*a2:0x01t2e0r0f0q0c000p0 | t6 a0:0x00t0e0r0f0q0c000p0 | t7 a0:0x00t0e0r0f0q0c000p0 | t9 a0:0x00t0e0r0f0q0c000p0 | t10 a0:0x00t0e0r0f0q0c000p0 | t11 a0:0x00t0e0r0f0q0c000p0
[cyc=  70] t2 a2:0x23t7e1r0f1q0c000p1 | t3 a1:0x0ct6e0r0f0q0c000p0 | t5*a3:0x01t3e0r0f0q0c000p0 | t6 a0:0x00t0e0r0f0q0c000p0 | t7 a0:0x00t0e0r0f0q0c000p0 | t9 a0:0x00t0e0r0f0q0c000p0 | t10 a0:0x00t0e0r0f0q0c000p0 | t11 a0:0x00t0e0r0f0q0c000p0
[cyc=  71] t2 a2:0x23t7e1r0f1q0c000p1 | t3 a1:0x0ct6e0r0f0q0c000p0 | t5*a4:0x01t4e0r0f0q0c000p0 | t6 a0:0x00t0e0r0f0q0c000p0 | t7 a0:0x00t0e0r0f0q0c000p0 | t9 a0:0x00t0e0r0f0q0c000p0 | t10 a0:0x00t0e0r0f0q0c000p0 | t11 a0:0x00t0e0r0f0q0c000p0
[cyc=  72] t2 a2:0x23t7e1r0f1q0c000p1 | t3 a1:0x0ct6e0r0f0q0c000p0 | t5*a0:0x01t5e0r0f0q0c000p0 | t6 a0:0x00t0e0r0f0q0c000p0 | t7 a0:0x00t0e0r0f0q0c000p0 | t9 a0:0x00t0e0r0f0q0c000p0 | t10 a0:0x00t0e0r0f0q0c000p0 | t11 a0:0x00t0e0r0f0q0c000p0
[cyc=  73] t2 a2:0x23t7e1r0f1q0c000p1 | t3 a1:0x0ct6e0r0f0q0c000p0 | t5*a1:0x10t6e0r0f0q0c000p1 | t6 a0:0x00t0e0r0f0q0c000p0 | t7 a0:0x00t0e0r0f0q0c000p0 | t9 a0:0x00t0e0r0f0q0c000p0 | t10 a0:0x00t0e0r0f0q0c000p0 | t11 a0:0x00t0e0r0f0q0c000p0
[cyc=  86] t2 a2:0x23t7e1r0f1q0c000p1 | t3 a1:0x0ct6e0r0f0q0c000p0 | t5 a1:0x10t6e1r0f1q0c000p1 | t6*a1:0x01t1e0r0f0q0c000p1 | t7 a0:0x00t0e0r0f0q0c100p0 | t9 a0:0x00t0e0r0f0q0c000p0 | t10 a0:0x00t0e0r0f0q0c000p0 | t11 a0:0x00t0e0r0f0q0c000p0
[cyc=  87] t2 a2:0x23t7e1r0f1q0c000p1 | t3 a1:0x0ct6e0r0f0q0c000p0 | t5 a1:0x10t6e1r0f1q0c000p1 | t6*a2:0x01t2e0r0f0q0c000p0 | t7 a0:0x00t0e0r0f0q0c100p0 | t9 a0:0x00t0e0r0f0q0c000p0 | t10 a0:0x00t0e0r0f0q0c000p0 | t11 a0:0x00t0e0r0f0q0c000p0
[cyc=  88] t2 a2:0x23t7e1r0f1q0c000p1 | t3 a1:0x0ct6e0r0f0q0c000p0 | t5 a1:0x10t6e1r0f1q0c000p1 | t6*a3:0x01t3e0r0f0q0c000p0 | t7 a0:0x00t0e0r0f0q0c100p0 | t9 a0:0x00t0e0r0f0q0c000p0 | t10 a0:0x00t0e0r0f0q0c000p0 | t11 a0:0x00t0e0r0f0q0c000p0
[cyc=  89] t2 a2:0x23t7e1r0f1q0c000p1 | t3 a1:0x0ct6e0r0f0q0c000p0 | t5 a1:0x10t6e1r0f1q0c000p1 | t6*a4:0x01t4e0r0f0q0c000p1 | t7 a0:0x00t0e0r0f0q0c100p0 | t9 a0:0x00t0e0r0f0q0c000p0 | t10 a0:0x00t0e0r0f0q0c000p0 | t11 a0:0x00t0e0r0f0q0c000p0
[cyc=  90] t2 a2:0x23t7e1r0f1q0c000p1 | t3 a1:0x0ct6e0r0f0q0c000p0 | t5 a1:0x10t6e1r0f1q0c000p1 | t6*a0:0x02t5e0r0f0q0c000p1 | t7 a0:0x00t0e0r0f0q0c100p0 | t9 a0:0x00t0e0r0f0q0c000p0 | t10 a0:0x00t0e0r0f0q0c000p0 | t11 a0:0x00t0e0r0f0q0c000p0
[cyc=  91] t2 a2:0x23t7e1r0f1q0c000p1 | t3 a1:0x0ct6e0r0f0q0c000p0 | t5 a1:0x10t6e1r0f1q0c000p1 | t6*a1:0x01t6e0r0f0q0c000p0 | t7 a0:0x00t0e0r0f0q0c100p0 | t9 a0:0x00t0e0r0f0q0c000p0 | t10 a0:0x00t0e0r0f0q0c000p0 | t11 a0:0x00t0e0r0f0q0c000p0
[cyc= 104] t2 a2:0x23t7e1r0f1q0c000p1 | t3 a1:0x0ct6e0r0f0q0c000p0 | t5 a1:0x10t6e1r0f1q0c000p1 | t6 a1:0x01t6e1r0f1q0c000p0 | t7*a1:0x64t1e0r0f0q1c110p1 | t9 a0:0x00t0e0r0f0q0c000p0 | t10 a0:0x00t0e0r0f0q0c000p0 | t11 a0:0x00t0e0r0f0q0c000p0
[cyc= 105] t2 a2:0x23t7e1r0f1q0c000p1 | t3 a1:0x0ct6e0r0f0q0c000p0 | t5 a1:0x10t6e1r0f1q0c000p1 | t6 a1:0x01t6e1r0f1q0c000p0 | t7*a2:0x01t2e0r0f0q2c100p0 | t9 a0:0x00t0e0r0f0q0c000p0 | t10 a0:0x00t0e0r0f0q0c000p0 | t11 a0:0x00t0e0r0f0q0c000p0
[cyc= 106] t2 a2:0x23t7e1r0f1q0c000p1 | t3 a1:0x0ct6e0r0f0q0c000p0 | t5 a1:0x10t6e1r0f1q0c000p1 | t6 a1:0x01t6e1r0f1q0c000p0 | t7*a3:0x41t3e0r0f0q2c100p0 | t9 a0:0x00t0e0r0f0q0c000p0 | t10 a0:0x00t0e0r0f0q0c000p0 | t11 a0:0x00t0e0r0f0q0c000p0
[cyc= 118] t2 a2:0x23t7e1r0f1q0c000p1 | t3 a1:0x0ct6e0r0f0q0c000p0 | t5 a1:0x10t6e1r0f1q0c000p1 | t6 a1:0x01t6e1r0f1q0c000p0 | t7 a3:0x41t3e0r0f0q2c100p0 | t9*a1:0x01t1e0r0f0q0c000p0 | t10 a0:0x00t0e0r0f0q0c100p0 | t11 a0:0x00t0e0r0f0q0c000p0
[cyc= 119] t2 a2:0x23t7e1r0f1q0c000p1 | t3 a1:0x0ct6e0r0f0q0c000p0 | t5 a1:0x10t6e1r0f1q0c000p1 | t6 a1:0x01t6e1r0f1q0c000p0 | t7 a3:0x41t3e0r0f0q2c100p0 | t9*a2:0x54t2e0r0f0q0c000p1 | t10 a0:0x00t0e0r0f0q0c100p0 | t11 a0:0x00t0e0r0f0q0c000p0
[cyc= 131] t2 a2:0x23t7e1r0f1q0c000p1 | t3 a1:0x0ct6e0r0f0q0c000p0 | t5 a1:0x10t6e1r0f1q0c000p1 | t6 a1:0x01t6e1r0f1q0c000p0 | t7 a3:0x41t3e0r0f0q2c100p0 | t9 a2:0x54t2e1r0f1q0c000p1 | t10*a1:0x54t1e0r0f0q0c100p0 | t11 a0:0x00t0e0r0f0q0c100p0
[cyc= 140] t2 a2:0x23t7e1r0f1q0c000p1 | t3 a1:0x0ct6e0r0f0q0c000p0 | t5 a1:0x10t6e1r0f1q0c000p1 | t6 a1:0x01t6e1r0f1q0c000p0 | t7 a3:0x41t3e0r0f0q2c100p0 | t9 a2:0x54t2e1r0f1q0c000p1 | t10 a1:0x54t1e0r0f0q0c100p0 | t11*a1:0x01t1e0r0f0q1c100p0
[cyc= 141] t2 a2:0x23t7e1r0f1q0c000p1 | t3 a1:0x0ct6e0r0f0q0c000p0 | t5 a1:0x10t6e1r0f1q0c000p1 | t6 a1:0x01t6e1r0f1q0c000p0 | t7 a3:0x41t3e0r0f0q2c100p0 | t9 a2:0x54t2e1r0f1q0c000p1 | t10*a2:0x19t2e0r0f0q0c110p0 | t11*a2:0x1ft2e0r0f0q1c100p0
[cyc= 142] t2 a2:0x23t7e1r0f1q0c000p1 | t3 a1:0x0ct6e0r0f0q0c000p0 | t5 a1:0x10t6e1r0f1q0c000p1 | t6 a1:0x01t6e1r0f1q0c000p0 | t7 a3:0x41t3e0r0f0q2c110p0 | t9*a3:0x01t3e0r0f0q0c000p0 | t10*a3:0x21t3e0r0f0q1c110p0 | t11*a3:0x60t3e0r0f0q1c110p0
[cyc= 143] t2 a2:0x23t7e1r0f1q0c000p1 | t3 a1:0x0ct6e0r0f0q0c000p0 | t5 a1:0x10t6e1r0f1q0c000p1 | t6 a1:0x01t6e1r0f1q0c000p0 | t7*a4:0x1ft4e0r0f0q0c100p0 | t9*a4:0x01t4e0r0f0q0c000p0 | t10*a4:0x0bt4e0r0f0q0c100p0 | t11*a4:0x1ft4e0r0f0q0c100p0
[cyc= 144] t2 a2:0x23t7e1r0f1q0c000p1 | t3 a1:0x0ct6e0r0f0q0c000p0 | t5 a1:0x10t6e1r0f1q0c000p1 | t6 a1:0x01t6e1r0f1q0c000p0 | t7*a0:0x64t5e0r0f0q0c110p0 | t9*a0:0x01t5e0r0f0q0c000p0 | t10*a0:0x10t5e0r0f0q0c100p0 | t11*a0:0x58t5e0r0f0q0c110p0
[cyc= 145] t2 a2:0x23t7e1r0f1q0c000p1 | t3 a1:0x0ct6e0r0f0q0c000p0 | t5 a1:0x10t6e1r0f1q0c000p1 | t6 a1:0x01t6e1r0f1q0c000p0 | t7 a0:0x64t5e1r0f1q0c101p0 | t9*a1:0x01t6e0r0f0q0c000p0 | t10*a1:0x54t6e0r0f0q0c100p0 | t11*a1:0x01t6e0r0f0q1c100p0
[cyc= 146] t2 a2:0x23t7e1r0f1q0c000p1 | t3*a2:0x0ct7e0r0f0q0c000p0 | t5*a2:0x01t7e0r0f0q0c000p0 | t6*a2:0x01t7e0r0f0q0c000p0 | t7*a1:0x64t6e0r0f0q1c110p0 | t9*a2:0x54t7e0r0f0q0c000p0 | t10*a2:0x19t7e0r0f0q0c110p0 | t11*a2:0x1ft7e0r0f0q1c100p0
[cyc= 147] t2*a3:0x01t8e0r0f0q0c000p0 | t3 a2:0x0ct7e0r0f0q0c000p0 | t5*a3:0x01t8e0r0f0q0c000p0 | t6*a3:0x01t8e0r0f0q0c000p0 | t7*a2:0x01t7e0r0f0q2c100p0 | t9 a2:0x54t7e0r0f0q0c000p0 | t10*a3:0x21t8e0r0f0q1c110p0 | t11*a3:0x60t8e0r0f0q1c110p0
[cyc= 148] t2*a4:0x01t9e0r0f0q0c000p0 | t3*a3:0x07t8e0r0f0q0c000p0 | t5*a4:0x01t9e0r0f0q0c000p0 | t6*a4:0x01t9e0r0f0q0c000p0 | t7*a3:0x41t8e0r0f0q2c110p0 | t9 a2:0x54t7e0r0f0q0c000p0 | t10 a3:0x21t8e1r0f1q1c101p0 | t11*a4:0x1ft9e0r0f0q0c100p0
[cyc= 149] t2 a4:0x01t9e1r0f1q0c000p0 | t3*a4:0x01t9e0r0f0q0c000p0 | t5*a0:0x01t10e0r0f0q0c000p0 | t6 a4:0x01t9e1r0f1q0c000p0 | t7*a4:0x1ft9e0r0f0q0c100p0 | t9 a2:0x54t7e0r0f0q0c000p0 | t10 a3:0x21t8e1r0f1q1c101p0 | t11*a0:0x58t10e0r0f0q0c110p0
[cyc= 150] t2*a0:0x01t10e0r0f0q0c000p0 | t3*a0:0x01t10e0r0f0q0c000p0 | t5*a1:0x10t11e0r0f0q0c000p0 | t6 a4:0x01t9e1r0f1q0c000p0 | t7*a0:0x64t10e0r0f0q0c110p0 | t9 a2:0x54t7e0r0f0q0c000p0 | t10 a3:0x21t8e1r0f1q1c101p0 | t11*a1:0x01t11e0r0f0q1c100p0
[cyc= 151] t2*a1:0x10t11e0r0f0q0c000p0 | t3*a1:0x0ct11e0r0f0q0c000p0 | t5 a1:0x10t11e0r0f0q0c000p0 | t6 a4:0x01t9e1r0f1q0c000p0 | t7 a0:0x64t10e1r0f1q0c101p0 | t9 a2:0x54t7e0r0f0q0c000p0 | t10 a3:0x21t8e1r0f1q1c101p0 | t11*a2:0x1ft12e0r0f0q1c100p0
[cyc= 152] t2 a1:0x10t11e0r0f0q0c000p0 | t3*a2:0x0ct12e0r0f0q0c000p0 | t5 a1:0x10t11e0r0f0q0c000p0 | t6 a4:0x01t9e1r0f1q0c000p0 | t7*a1:0x64t11e0r0f0q1c110p0 | t9 a2:0x54t7e0r0f0q0c000p0 | t10 a3:0x21t8e1r0f1q1c101p0 | t11 a2:0x1ft12e0r0f0q1c100p0
[cyc= 153] t2 a1:0x10t11e0r0f0q0c000p0 | t3 a2:0x0ct12e0r0f0q0c000p0 | t5 a1:0x10t11e0r0f0q0c000p0 | t6 a4:0x01t9e1r0f1q0c000p0 | t7*a2:0x01t12e0r0f0q2c100p0 | t9 a2:0x54t7e0r0f0q0c000p0 | t10 a3:0x21t8e1r0f1q1c101p0 | t11 a2:0x1ft12e0r0f0q1c100p0
[cyc= 154] t2 a1:0x10t11e0r0f0q0c000p0 | t3*a3:0x07t13e0r0f0q0c000p0 | t5 a1:0x10t11e0r0f0q0c000p0 | t6 a4:0x01t9e1r0f1q0c000p0 | t7*a3:0x41t13e0r0f0q2c100p0 | t9 a2:0x54t7e0r0f0q0c000p0 | t10 a3:0x21t8e1r0f1q1c101p0 | t11 a2:0x1ft12e0r0f0q1c100p0
[cyc= 155] t2 a1:0x10t11e0r0f0q0c000p0 | t3*a4:0x01t14e0r0f0q0c000p0 | t5 a1:0x10t11e0r0f0q0c000p0 | t6 a4:0x01t9e1r0f1q0c000p0 | t7 a3:0x41t13e0r0f0q2c100p0 | t9 a2:0x54t7e0r0f0q0c000p0 | t10 a3:0x21t8e1r0f1q1c101p0 | t11 a2:0x1ft12e0r0f0q1c100p0
[cyc= 156] t2 a1:0x10t11e0r0f0q0c000p0 | t3*a0:0x01t15e0r0f0q0c000p0 | t5 a1:0x10t11e0r0f0q0c000p0 | t6 a4:0x01t9e1r0f1q0c000p0 | t7 a3:0x41t13e0r0f0q2c100p0 | t9 a2:0x54t7e0r0f0q0c000p0 | t10 a3:0x21t8e1r0f1q1c101p0 | t11 a2:0x1ft12e0r0f0q1c100p0
[cyc= 157] t2 a1:0x10t11e0r0f0q0c000p0 | t3*a1:0x0ct16e0r0f0q0c000p0 | t5 a1:0x10t11e0r0f0q0c000p0 | t6 a4:0x01t9e1r0f1q0c000p0 | t7 a3:0x41t13e0r0f0q2c100p0 | t9 a2:0x54t7e0r0f0q0c000p0 | t10 a3:0x21t8e1r0f1q1c101p0 | t11 a2:0x1ft12e0r0f0q1c100p0
[cyc= 200] t2 a1:0x10t11e0r0f0q0c000p0 | t3 a1:0x0ct16e0r0f0q0c000p0 | t5 a1:0x10t11e0r0f0q0c000p0 | t6 a4:0x01t9e1r0f1q0c000p0 | t7 a3:0x41t13e0r0f0q2c100p0 | t9 a2:0x54t7e0r0f0q0c000p0 | t10 a3:0x21t8e1r0f1q1c101p0 | t11 a2:0x1ft12e0r0f0q1c100p0
[cyc= 400] t2 a1:0x10t11e0r0f0q0c000p0 | t3 a1:0x0ct16e0r0f0q0c000p0 | t5 a1:0x10t11e0r0f0q0c000p0 | t6 a4:0x01t9e1r0f1q0c000p0 | t7 a3:0x41t13e0r0f0q2c100p0 | t9 a2:0x54t7e0r0f0q0c000p0 | t10 a3:0x21t8e1r0f1q1c101p0 | t11 a2:0x1ft12e0r0f0q1c100p0
[cyc= 600] t2 a1:0x10t11e0r0f0q0c000p0 | t3 a1:0x0ct16e0r0f0q0c000p0 | t5 a1:0x10t11e0r0f0q0c000p0 | t6 a4:0x01t9e1r0f1q0c000p0 | t7 a3:0x41t13e0r0f0q2c100p0 | t9 a2:0x54t7e0r0f0q0c000p0 | t10 a3:0x21t8e1r0f1q1c101p0 | t11 a2:0x1ft12e0r0f0q1c100p0
[cyc= 800] t2 a1:0x10t11e0r0f0q0c000p0 | t3 a1:0x0ct16e0r0f0q0c000p0 | t5 a1:0x10t11e0r0f0q0c000p0 | t6 a4:0x01t9e1r0f1q0c000p0 | t7 a3:0x41t13e0r0f0q2c100p0 | t9 a2:0x54t7e0r0f0q0c000p0 | t10 a3:0x21t8e1r0f1q1c101p0 | t11 a2:0x1ft12e0r0f0q1c100p0
[cyc=1000] t2 a1:0x10t11e0r0f0q0c000p0 | t3 a1:0x0ct16e0r0f0q0c000p0 | t5 a1:0x10t11e0r0f0q0c000p0 | t6 a4:0x01t9e1r0f1q0c000p0 | t7 a3:0x41t13e0r0f0q2c100p0 | t9 a2:0x54t7e0r0f0q0c000p0 | t10 a3:0x21t8e1r0f1q1c101p0 | t11 a2:0x1ft12e0r0f0q1c100p0
[cyc=1200] t2 a1:0x10t11e0r0f0q0c000p0 | t3 a1:0x0ct16e0r0f0q0c000p0 | t5 a1:0x10t11e0r0f0q0c000p0 | t6 a4:0x01t9e1r0f1q0c000p0 | t7 a3:0x41t13e0r0f0q2c100p0 | t9 a2:0x54t7e0r0f0q0c000p0 | t10 a3:0x21t8e1r0f1q1c101p0 | t11 a2:0x1ft12e0r0f0q1c100p0
=== DEADLOCK after 1400 cycles ===
  tile2: raddr=1 op=0x10 times=11 | rd_cur=0 wr_cur=0 const=0.v=0.rdy=0 | ctrl_proceed=0 e=0 r=0 f=0
  tile3: raddr=1 op=0x0c times=16 | rd_cur=0 wr_cur=0 const=0.v=0.rdy=0 | ctrl_proceed=0 e=0 r=0 f=0
  tile5: raddr=1 op=0x10 times=11 | rd_cur=0 wr_cur=0 const=0.v=0.rdy=0 | ctrl_proceed=0 e=0 r=0 f=0
  tile6: raddr=4 op=0x01 times=9 | rd_cur=0 wr_cur=0 const=0.v=0.rdy=0 | ctrl_proceed=0 e=1 r=0 f=1
  tile7: raddr=3 op=0x41 times=13 | rd_cur=2 wr_cur=3 const=3.v=1.rdy=0 | ctrl_proceed=0 e=0 r=0 f=0
  tile9: raddr=2 op=0x54 times=7 | rd_cur=0 wr_cur=0 const=0.v=0.rdy=0 | ctrl_proceed=0 e=0 r=0 f=0
  tile10: raddr=3 op=0x21 times=8 | rd_cur=1 wr_cur=2 const=6.v=1.rdy=0 | ctrl_proceed=0 e=1 r=0 f=1
  tile11: raddr=2 op=0x1f times=12 | rd_cur=1 wr_cur=2 const=3.v=1.rdy=0 | ctrl_proceed=0 e=0 r=0 f=0
cycles:  1400
PASSED
